---
source: src/tests/mod.rs
expression: ctx.redact_buffer()
---
▌On branch main                                                                 |
                                                                                |
 Unstaged changes (1)                                                           |
 deleted    new-file…                                                           |
                                                                                |
 Recent commits                                                                 |
 706c11d main add new-file                                                      |
                                                                                |
                                                                                |
                                                                                |
                                                                                |
                                                                                |
                                                                                |
                                                                                |
                                                                                |
                                                                                |
                                                                                |
                                                                                |
                                                                                |
                                                                                |
styles_hash: 4060891829590a
