---
source: src/tests/discard.rs
expression: ctx.redact_buffer()
---
 On branch main                                                                 |
 Your branch is up to date with 'origin/main'.                                  |
                                                                                |
 Recent commits                                                                 |
▌b66a0bf main origin/main add initial-file                                      |
                                                                                |
                                                                                |
                                                                                |
                                                                                |
                                                                                |
                                                                                |
                                                                                |
                                                                                |
                                                                                |
                                                                                |
                                                                                |
                                                                                |
                                                                                |
────────────────────────────────────────────────────────────────────────────────|
> Commit hash copied to clipboard                                               |
styles_hash: 7bcef58b03b556a9
