---
source: src/tests/stage.rs
expression: ctx.redact_buffer()
---
 No branch                                                                      |
                                                                                |
â–ŒRecent commits                                                                 |
                                                                                |
                                                                                |
                                                                                |
                                                                                |
                                                                                |
                                                                                |
                                                                                |
                                                                                |
                                                                                |
                                                                                |
                                                                                |
                                                                                |
                                                                                |
                                                                                |
                                                                                |
                                                                                |
                                                                                |
styles_hash: d1441f8c2f4b6bc0
