---
source: src/tests/pull.rs
expression: ctx.redact_buffer()
---
▌On branch main                                                                 |
▌Your branch is up to date with 'origin/main'.                                  |
                                                                                |
 Recent commits                                                                 |
 b66a0bf main origin/main add initial-file                                      |
                                                                                |
                                                                                |
                                                                                |
                                                                                |
                                                                                |
                                                                                |
                                                                                |
────────────────────────────────────────────────────────────────────────────────|
Pull                    Arguments                                               |
p from origin           -r Rebase local commits (--rebase)                      |
u from origin/main                                                              |
e from elsewhere                                                                |
q/esc Quit/Close                                                                |
────────────────────────────────────────────────────────────────────────────────|
pull completed: From                * branch            main       -> FETCH_HEAD|
styles_hash: e9151bb42bbf1331
