---
source: src/tests/discard.rs
expression: ctx.redact_buffer()
---
 On branch main                                                                 |
 Your branch is ahead of 'origin/main' by 1 commit(s).                          |
                                                                                |
 Staged changes (1)                                                             |
▌deleted    new-file…                                                           |
                                                                                |
 Recent commits                                                                 |
 46c81ca main add new-file                                                      |
 b66a0bf origin/main add initial-file                                           |
                                                                                |
                                                                                |
                                                                                |
                                                                                |
                                                                                |
                                                                                |
                                                                                |
                                                                                |
────────────────────────────────────────────────────────────────────────────────|
$ git rm --force moved-file                                                     |
rm 'moved-file'                                                                 |
styles_hash: fee9a367c7198e9
