---
source: src/tests/stash.rs
expression: ctx.redact_buffer()
---
 On branch main                                                                 |
 Your branch is up to date with 'origin/main'.                                  |
                                                                                |
▌Staged changes (1)                                                             |
▌added      file-one…                                                           |
                                                                                |
 Recent commits                                                                 |
 b66a0bf main origin/main add initial-file                                      |
                                                                                |
                                                                                |
                                                                                |
                                                                                |
                                                                                |
                                                                                |
                                                                                |
                                                                                |
                                                                                |
                                                                                |
────────────────────────────────────────────────────────────────────────────────|
? Stash message: ›                                                              |
styles_hash: 76ef59ab9e0e5756
