---
source: src/tests/pull.rs
expression: ctx.redact_buffer()
---
▌On branch new-branch                                                           |
▌Your branch is up to date with 'main'.                                         |
                                                                                |
 Recent commits                                                                 |
 b66a0bf main new-branch origin/main add initial-file                           |
                                                                                |
                                                                                |
                                                                                |
                                                                                |
                                                                                |
                                                                                |
                                                                                |
────────────────────────────────────────────────────────────────────────────────|
Pull                            Arguments                                       |
p pushRemote, setting that      -r Rebase local commits (--rebase)              |
u from main                                                                     |
e from elsewhere                                                                |
q/esc Quit/Close                                                                |
────────────────────────────────────────────────────────────────────────────────|
pull completed: From . * branch            main       -> FETCH_HEADAlready up to|
styles_hash: 72567327860e6ed0
