---
source: src/tests/unstage.rs
expression: ctx.redact_buffer()
---
 No branch                                                                      |
                                                                                |
 Staged changes (2)                                                             |
 added      one…                                                                |
▌added      two…                                                                |
                                                                                |
 Recent commits                                                                 |
                                                                                |
                                                                                |
                                                                                |
                                                                                |
                                                                                |
                                                                                |
                                                                                |
                                                                                |
                                                                                |
────────────────────────────────────────────────────────────────────────────────|
$ git restore --staged two                                                      |
fatal: could not resolve HEAD                                                   |
! Command 'git restore --staged two' failed with exit code 128. Check the comman|
styles_hash: 4368f58b70f6ef86
