---
source: src/tests/mod.rs
expression: ctx.redact_buffer()
---
▌Merging other-branch                                                           |
                                                                                |
 Unstaged changes (1)                                                           |
 modified   new-file…                                                           |
                                                                                |
 Staged changes (2)                                                             |
 deleted    new-file…                                                           |
 deleted    new-file-2…                                                         |
                                                                                |
 Recent commits                                                                 |
 44bb4dc main modify new-file-2                                                 |
 174f1f4 modify new-file                                                        |
 b57d72c add new-file-2                                                         |
 46c81ca add new-file                                                           |
 b66a0bf origin/main add initial-file                                           |
                                                                                |
                                                                                |
                                                                                |
                                                                                |
                                                                                |
styles_hash: 6e2a275d20dd729c
